---
source: crates/zeph-tui/src/widgets/memory.rs
expression: output
---
┌ Memory ────────────────────┐
│  SQLite: 42 msgs           │
│  Vector: qdrant (connected)│
│  Conv ID: ---              │
│  Embeddings: 10            │
│                            │
│                            │
└────────────────────────────┘
