---
source: crates/zeph-tui/src/widgets/memory.rs
expression: output
---
┌ Memory ────────────────────────────────────────┐
│  SQLite: 5 msgs                                │
│  Conv ID: ---                                  │
│  Embeddings: 0                                 │
│  Graph: 0 entities, 0 edges, 0 communities     │
│  Graph extractions: 0 ok, 0 failed             │
│  Probe: P 87% S 10% H 2% E 1%                  │
│  Last: Pass (0.91)                             │
│                                                │
│                                                │
│                                                │
└────────────────────────────────────────────────┘
