---
source: crates/zeph-tui/src/widgets/memory.rs
assertion_line: 270
expression: output
---
memory                                                                
  sqlite  5 msgs · conv —                                             
  probe: P 100% S 0% H 0% E 0%                                        
  Last: Pass (0.72) Rec:0.90 Art:0.50 Con:0.80 Dec:0.60
