---
source: crates/zeph-tui/src/widgets/input.rs
assertion_line: 171
expression: output
---
┌ Input (Esc to cancel) ───────────────────────────────────────────────────────┐
│Type a message, / for commands, @ to mention                                  │
│                                                                              │
│                                                                              │
└──────────────────────────────────────────────────────────────────────────────┘
