---
source: crates/zeph-tui/src/widgets/memory.rs
expression: output
---
memory                                            
  sqlite: 5 msgs                                  
  conv id: ---                                    
  embeddings: 0                                   
  graph: 0 entities, 0 edges, 0 communities       
  graph extractions: 0 ok, 0 failed               
  probe: P 50% S 0% H 0% E 50%                    
  Last: Error
