---
source: crates/zeph-tui/src/widgets/skills.rs
expression: output
---
┌ Skills (2/3) ──────────────────────────────────┐
│  git  [███████░] 92% (42)                      │
│  docker  [███░░░░░] 35% (5)                    │
│                                                │
│                                                │
│                                                │
│                                                │
│                                                │
│                                                │
└────────────────────────────────────────────────┘
