---
source: crates/zeph-llm/src/claude/tests.rs
expression: pretty
---
[
  {
    "name": "bash",
    "description": "Run a shell command",
    "input_schema": {
      "type": "object",
      "properties": {
        "command": {
          "type": "string",
          "description": "Shell command to run"
        }
      },
      "required": [
        "command"
      ]
    },
    "cache_control": {
      "type": "ephemeral"
    }
  }
]
